2026-05-13T01:53:21.074Z C sus4 Csus4#4: foreign-note mismatch expected=0,5,7 actual=0,10,5,7 p=8,10,8,10,8,8
2026-05-13T01:53:21.075Z C dim7 Cdim7#0: foreign-note mismatch expected=0,3,6,9 actual=0,4,6,9 p=x,3,4,2,5,x
2026-05-13T01:53:21.076Z C dim7 Cdim7#4: foreign-note mismatch expected=0,3,6,9 actual=0,3,6,7,9 p=8,9,7,8,8,x
2026-05-13T01:53:21.080Z C# 11 Db11#1: foreign-note mismatch expected=1,11,3,5,6,8 actual=0,1,5,6 p=x,4,3,5,2,2
2026-05-13T01:53:21.081Z C# sus4 Dbsus4#0: foreign-note mismatch expected=1,6,8 actual=1,3,6,8 p=x,4,4,x,4,4
2026-05-13T01:53:21.081Z C# m6 Dbm6#1: foreign-note mismatch expected=1,10,4,8 actual=1,10,4,5 p=x,4,2,3,x,1
2026-05-13T01:53:21.082Z C# add9 Dbadd9#2: foreign-note mismatch expected=1,3,5,8 actual=1,2,4,6,9 p=9,7,7,7,7,9
2026-05-13T01:53:21.082Z C# add9 Dbadd9#3: foreign-note mismatch expected=1,3,5,8 actual=1,3,4,6,9 p=9,7,7,8,7,9
2026-05-13T01:53:21.082Z C# m9 Dbm9#3: foreign-note mismatch expected=1,11,3,4,8 actual=1,10,11,4,8 p=x,4,6,4,5,6
2026-05-13T01:53:21.083Z Db 11 Db11#1: foreign-note mismatch expected=1,11,3,5,6,8 actual=0,1,5,6 p=x,4,3,5,2,2
2026-05-13T01:53:21.084Z Db sus4 Dbsus4#0: foreign-note mismatch expected=1,6,8 actual=1,3,6,8 p=x,4,4,x,4,4
2026-05-13T01:53:21.085Z Db m6 Dbm6#1: foreign-note mismatch expected=1,10,4,8 actual=1,10,4,5 p=x,4,2,3,x,1
2026-05-13T01:53:21.086Z Db add9 Dbadd9#2: foreign-note mismatch expected=1,3,5,8 actual=1,2,4,6,9 p=9,7,7,7,7,9
2026-05-13T01:53:21.086Z Db add9 Dbadd9#3: foreign-note mismatch expected=1,3,5,8 actual=1,3,4,6,9 p=9,7,7,8,7,9
2026-05-13T01:53:21.086Z Db m9 Dbm9#3: foreign-note mismatch expected=1,11,3,4,8 actual=1,10,11,4,8 p=x,4,6,4,5,6
2026-05-13T01:53:21.087Z D 9 D9#3: foreign-note mismatch expected=0,2,4,6,9 actual=0,11,2,6,9 p=10,12,10,11,12,10
2026-05-13T01:53:21.088Z D 13 D13#4: foreign-note mismatch expected=0,11,2,4,6,7,9 actual=0,11,2,5,9 p=x,5,7,5,6,7
2026-05-13T01:53:21.089Z D aug Daug#2: foreign-note mismatch expected=10,2,6 actual=10,2,8 p=x,5,8,7,9,x
2026-05-13T01:53:21.090Z D m7(b5) Dm7b5#3: foreign-note mismatch expected=0,2,5,8 actual=1,2,6,9 p=x,x,0,11,10,9
2026-05-13T01:53:21.090Z D dim7 Ddim7#5: foreign-note mismatch expected=11,2,5,8 actual=11,2,4,5,8,9 p=0,0,12,13,12,13
2026-05-13T01:53:21.091Z D 6/9 D69#1: foreign-note mismatch expected=11,2,4,6,9 actual=0,2,4,6 p=x,5,4,5,5,x
2026-05-13T01:53:21.091Z D maj9 DMaj9#4: foreign-note mismatch expected=1,2,4,6,9 actual=1,2,5,6 p=10,9,11,10,x,x
2026-05-13T01:53:21.092Z D# 13 Eb13#1: foreign-note mismatch expected=0,1,10,3,5,7,8 actual=0,2,3,5,7 p=x,6,3,5,3,3
2026-05-13T01:53:21.092Z D# 13 Eb13#2: foreign-note mismatch expected=0,1,10,3,5,7,8 actual=0,2,3,7,8 p=x,6,6,5,3,3
2026-05-13T01:53:21.093Z D# m Ebm#4: foreign-note mismatch expected=10,3,6 actual=1,11,2,5 p=x,x,11,10,12,10
2026-05-13T01:53:21.094Z D# add9 Ebadd9#0: foreign-note mismatch expected=10,3,5,7 actual=2,3,5,7 p=x,x,1,0,3,1
2026-05-13T01:53:21.095Z D# 9+ Eb7#9#2: foreign-note mismatch expected=1,10,3,6,7 actual=1,11,3,7 p=11,x,11,12,12,x
2026-05-13T01:53:21.095Z D# 9+ Eb7#9#3: foreign-note mismatch expected=1,10,3,6,7 actual=1,10,11,3,7 p=11,13,11,12,12,x
2026-05-13T01:53:21.096Z Eb 13 Eb13#1: foreign-note mismatch expected=0,1,10,3,5,7,8 actual=0,2,3,5,7 p=x,6,3,5,3,3
2026-05-13T01:53:21.096Z Eb 13 Eb13#2: foreign-note mismatch expected=0,1,10,3,5,7,8 actual=0,2,3,7,8 p=x,6,6,5,3,3
2026-05-13T01:53:21.096Z Eb m Ebm#4: foreign-note mismatch expected=10,3,6 actual=1,11,2,5 p=x,x,11,10,12,10
2026-05-13T01:53:21.098Z Eb add9 Ebadd9#0: foreign-note mismatch expected=10,3,5,7 actual=2,3,5,7 p=x,x,1,0,3,1
2026-05-13T01:53:21.099Z Eb 9+ Eb7#9#2: foreign-note mismatch expected=1,10,3,6,7 actual=1,11,3,7 p=11,x,11,12,12,x
2026-05-13T01:53:21.099Z Eb 9+ Eb7#9#3: foreign-note mismatch expected=1,10,3,6,7 actual=1,10,11,3,7 p=11,13,11,12,12,x
2026-05-13T01:53:21.100Z E aug Eaug#0: foreign-note mismatch expected=0,4,8 actual=0,11,4,8 p=0,2,2,1,1,x
2026-05-13T01:53:21.100Z E sus2 Esus2#1: foreign-note mismatch expected=11,4,6 actual=11,4,7 p=0,2,2,4,0,3
2026-05-13T01:53:21.101Z E dim7 Edim7#4: foreign-note mismatch expected=1,10,4,7 actual=1,10,4,7,9 p=0,12,11,12,11,x
2026-05-13T01:53:21.102Z F m Fm#3: foreign-note mismatch expected=0,5,8 actual=0,4,5,8 p=0,8,6,5,x,x
2026-05-13T01:53:21.102Z F m Fm#4: foreign-note mismatch expected=0,5,8 actual=0,4,5,8 p=0,8,10,10,9,8
2026-05-13T01:53:21.104Z F 9+ F7#9#4: foreign-note mismatch expected=0,3,5,8,9 actual=2,4,7,8 p=12,11,12,12,x,x
2026-05-13T01:53:21.105Z F# 13 Gb13#0: foreign-note mismatch expected=1,10,11,3,4,6,8 actual=11,3,5,6,8 p=2,2,3,4,4,4
2026-05-13T01:53:21.105Z F# 13 Gb13#1: foreign-note mismatch expected=1,10,11,3,4,6,8 actual=1,10,3,5,6,8 p=2,1,1,1,2,1
2026-05-13T01:53:21.105Z F# 13 Gb13#2: foreign-note mismatch expected=1,10,11,3,4,6,8 actual=10,11,3,5,6 p=2,2,3,3,4,2
2026-05-13T01:53:21.105Z F# 13 Gb13#4: foreign-note mismatch expected=1,10,11,3,4,6,8 actual=10,11,3,5,6 p=x,9,9,8,6,6
2026-05-13T01:53:21.105Z F# 13 Gb13#5: foreign-note mismatch expected=1,10,11,3,4,6,8 actual=10,11,3,5,6 p=x,9,9,10,11,11
2026-05-13T01:53:21.105Z F# sus2 Gbsus2#1: foreign-note mismatch expected=1,6,8 actual=1,4,6,8 p=2,x,2,1,2,x
2026-05-13T01:53:21.106Z F# add9 Gbadd9#0: foreign-note mismatch expected=1,10,6,8 actual=10,2,5,6,8 p=2,1,4,1,3,1
2026-05-13T01:53:21.106Z F# 9+ Gb7#9#2: foreign-note mismatch expected=1,10,4,6,9 actual=1,10,4,6,7 p=2,1,2,0,2,0
2026-05-13T01:53:21.106Z F# 9+ Gb7#9#4: foreign-note mismatch expected=1,10,4,6,9 actual=10,4,6,7 p=x,x,4,3,5,3
2026-05-13T01:53:21.106Z F# 9+ Gb7#9#5: foreign-note mismatch expected=1,10,4,6,9 actual=1,10,4,6,7 p=x,9,8,9,8,9
2026-05-13T01:53:21.107Z Gb 13 Gb13#0: foreign-note mismatch expected=1,10,11,3,4,6,8 actual=11,3,5,6,8 p=2,2,3,4,4,4
2026-05-13T01:53:21.107Z Gb 13 Gb13#1: foreign-note mismatch expected=1,10,11,3,4,6,8 actual=1,10,3,5,6,8 p=2,1,1,1,2,1
2026-05-13T01:53:21.108Z Gb 13 Gb13#2: foreign-note mismatch expected=1,10,11,3,4,6,8 actual=10,11,3,5,6 p=2,2,3,3,4,2
2026-05-13T01:53:21.108Z Gb 13 Gb13#4: foreign-note mismatch expected=1,10,11,3,4,6,8 actual=10,11,3,5,6 p=x,9,9,8,6,6
2026-05-13T01:53:21.108Z Gb 13 Gb13#5: foreign-note mismatch expected=1,10,11,3,4,6,8 actual=10,11,3,5,6 p=x,9,9,10,11,11
2026-05-13T01:53:21.108Z Gb sus2 Gbsus2#1: foreign-note mismatch expected=1,6,8 actual=1,4,6,8 p=2,x,2,1,2,x
2026-05-13T01:53:21.108Z Gb add9 Gbadd9#0: foreign-note mismatch expected=1,10,6,8 actual=10,2,5,6,8 p=2,1,4,1,3,1
2026-05-13T01:53:21.110Z Gb 9+ Gb7#9#2: foreign-note mismatch expected=1,10,4,6,9 actual=1,10,4,6,7 p=2,1,2,0,2,0
2026-05-13T01:53:21.110Z Gb 9+ Gb7#9#4: foreign-note mismatch expected=1,10,4,6,9 actual=10,4,6,7 p=x,x,4,3,5,3
2026-05-13T01:53:21.110Z Gb 9+ Gb7#9#5: foreign-note mismatch expected=1,10,4,6,9 actual=1,10,4,6,7 p=x,9,8,9,8,9
2026-05-13T01:53:21.110Z G 7 G7#2: foreign-note mismatch expected=11,2,5,7 actual=0,11,2,5,7 p=3,5,3,4,1,1
2026-05-13T01:53:21.110Z G 7 G7#4: foreign-note mismatch expected=11,2,5,7 actual=1,11,5,7 p=x,10,9,10,x,9
2026-05-13T01:53:21.110Z G Maj G#1: foreign-note mismatch expected=11,2,7 actual=0,11,2,5,7 p=1,5,5,4,1,1
2026-05-13T01:53:21.111Z G sus2 Gsus2#5: foreign-note mismatch expected=2,7,9 actual=0,2,7 p=x,10,12,12,13,x
2026-05-13T01:53:21.111Z G m6 Gm6#1: foreign-note mismatch expected=10,2,4,7 actual=10,2,4,7,9 p=3,0,2,3,3,0
2026-05-13T01:53:21.111Z G m7(b5) Gm7b5#0: foreign-note mismatch expected=1,10,5,7 actual=10,11,5,7 p=3,2,3,3,6,3
2026-05-13T01:53:21.111Z G add9 Gadd9#5: foreign-note mismatch expected=11,2,7,9 actual=11,2,4,7 p=x,10,12,12,12,12
2026-05-13T01:53:21.112Z G maj9 GMaj9#5: foreign-note mismatch expected=11,2,6,7,9 actual=11,6,7,8 p=x,10,9,11,9,x
2026-05-13T01:53:21.112Z G# 13 Ab13#0: foreign-note mismatch expected=0,1,10,3,5,6,8 actual=0,1,11,5,6,8 p=4,4,4,5,6,7
2026-05-13T01:53:21.113Z G# m6 Abm6#0: foreign-note mismatch expected=11,3,5,8 actual=0,6,8 p=x,x,x,1,1,2
2026-05-13T01:53:21.113Z G# dim7 Abdim7#2: foreign-note mismatch expected=11,2,5,8 actual=11,2,5,8,9 p=4,0,0,4,0,1
2026-05-13T01:53:21.114Z Ab 13 Ab13#0: foreign-note mismatch expected=0,1,10,3,5,6,8 actual=0,1,11,5,6,8 p=4,4,4,5,6,7
2026-05-13T01:53:21.116Z Ab m6 Abm6#0: foreign-note mismatch expected=11,3,5,8 actual=0,6,8 p=x,x,x,1,1,2
2026-05-13T01:53:21.116Z Ab dim7 Abdim7#2: foreign-note mismatch expected=11,2,5,8 actual=11,2,5,8,9 p=4,0,0,4,0,1
2026-05-13T01:53:21.117Z A 11 A11#2: foreign-note mismatch expected=1,11,2,4,7,9 actual=0,2,3,4,5 p=1,7,1,7,1,1
2026-05-13T01:53:21.117Z A sus4 Asus4#3: foreign-note mismatch expected=2,4,9 actual=2,4,7,9 p=x,0,7,9,8,10
2026-05-13T01:53:21.118Z A# 7 Bb7#3: foreign-note mismatch expected=10,2,5,8 actual=0,10,2,5,8 p=x,1,0,1,1,1
2026-05-13T01:53:21.118Z A# 13 Bb13#0: foreign-note mismatch expected=0,10,2,3,5,7,8 actual=0,10,2,7,9 p=x,1,0,2,1,3
2026-05-13T01:53:21.120Z A# add9 Bbadd9#1: foreign-note mismatch expected=0,10,2,5 actual=0,10,2,5,7 p=6,3,3,3,3,3
2026-05-13T01:53:21.121Z Bb 7 Bb7#3: foreign-note mismatch expected=10,2,5,8 actual=0,10,2,5,8 p=x,1,0,1,1,1
2026-05-13T01:53:21.121Z Bb 13 Bb13#0: foreign-note mismatch expected=0,10,2,3,5,7,8 actual=0,10,2,7,9 p=x,1,0,2,1,3
2026-05-13T01:53:21.121Z Bb add9 Bbadd9#1: foreign-note mismatch expected=0,10,2,5 actual=0,10,2,5,7 p=6,3,3,3,3,3
2026-05-13T01:53:21.122Z B 6 B6#3: foreign-note mismatch expected=11,3,6,8 actual=10,11,3,6,8 p=7,6,6,8,7,6
2026-05-13T01:53:21.122Z B 6 B6#4: foreign-note mismatch expected=11,3,6,8 actual=1,11,3,8 p=x,x,9,8,9,9
2026-05-13T01:53:21.122Z B sus4 Bsus4#5: foreign-note mismatch expected=11,4,6 actual=11,4,6,9 p=7,9,7,9,7,7
2026-05-13T01:53:21.122Z B m6 Bm6#0: foreign-note mismatch expected=11,2,6,8 actual=1,10,11,6,8 p=x,2,4,3,2,4
2026-05-13T01:53:21.122Z B m9 Bm9#0: foreign-note mismatch expected=1,11,2,6,9 actual=1,11,2,4,9 p=x,2,0,2,2,0
